loaded 4800 train and 1200 validation sub-images
  audit 6000 images, 3637 boxes read
  audit   image mostly outside the swath (kept, no-data masked): 220  (e.g. 02_10_1, 02_10_30, 02_11_1, 02_11_30, 02_12_1)
epoch   1  loss 3.65525  val AP 0.190  F1 0.292 @ 0.04  anomalies {'gradient clipped': 114, 'crop outside the swath (re-drawn)': 23}
epoch   2  loss 2.56146  val AP 0.269  F1 0.389 @ 0.05  anomalies {'gradient clipped': 84, 'crop outside the swath (re-drawn)': 29}
epoch   3  loss 2.39793  val AP 0.260  F1 0.350 @ 0.07  anomalies {'gradient clipped': 76, 'crop outside the swath (re-drawn)': 26}
epoch   4  loss 2.17408  val AP 0.316  F1 0.399 @ 0.10  anomalies {'gradient clipped': 74, 'crop outside the swath (re-drawn)': 28}
epoch   5  loss 1.94586  val AP 0.365  F1 0.418 @ 0.11  anomalies {'gradient clipped': 64, 'crop outside the swath (re-drawn)': 33}
epoch   6  loss 1.91649  val AP 0.404  F1 0.452 @ 0.14  anomalies {'crop outside the swath (re-drawn)': 41, 'gradient clipped': 71}
epoch   7  loss 1.81621  val AP 0.488  F1 0.511 @ 0.16  anomalies {'gradient clipped': 56, 'crop outside the swath (re-drawn)': 25}
epoch   8  loss 1.69059  val AP 0.539  F1 0.548 @ 0.17  anomalies {'gradient clipped': 45, 'crop outside the swath (re-drawn)': 33}
epoch   9  loss 1.64587  val AP 0.581  F1 0.584 @ 0.19  anomalies {'gradient clipped': 52, 'crop outside the swath (re-drawn)': 23}
epoch  10  loss 1.60024  val AP 0.621  F1 0.609 @ 0.22  anomalies {'gradient clipped': 39, 'crop outside the swath (re-drawn)': 29}
epoch  11  loss 1.63223  val AP 0.635  F1 0.613 @ 0.22  anomalies {'gradient clipped': 32, 'crop outside the swath (re-drawn)': 32}
epoch  12  loss 1.63319  val AP 0.653  F1 0.626 @ 0.24  anomalies {'crop outside the swath (re-drawn)': 36, 'gradient clipped': 40}
epoch  13  loss 1.52747  val AP 0.671  F1 0.637 @ 0.27  anomalies {'gradient clipped': 28, 'crop outside the swath (re-drawn)': 47}
epoch  14  loss 1.563  val AP 0.684  F1 0.645 @ 0.29  anomalies {'crop outside the swath (re-drawn)': 36, 'gradient clipped': 49}
epoch  15  loss 1.54384  val AP 0.681  F1 0.642 @ 0.28  anomalies {'crop outside the swath (re-drawn)': 35, 'gradient clipped': 38}
epoch  16  loss 1.48579  val AP 0.694  F1 0.653 @ 0.32  anomalies {'gradient clipped': 40, 'crop outside the swath (re-drawn)': 35}
epoch  17  loss 1.48477  val AP 0.702  F1 0.657 @ 0.32  anomalies {'crop outside the swath (re-drawn)': 24, 'gradient clipped': 38}
epoch  18  loss 1.42448  val AP 0.712  F1 0.657 @ 0.32  anomalies {'gradient clipped': 28, 'crop outside the swath (re-drawn)': 32}
epoch  19  loss 1.4057  val AP 0.714  F1 0.660 @ 0.28  anomalies {'gradient clipped': 40, 'crop outside the swath (re-drawn)': 24}
epoch  20  loss 1.45341  val AP 0.708  F1 0.656 @ 0.32  anomalies {'crop outside the swath (re-drawn)': 30, 'gradient clipped': 26}
epoch  21  loss 1.46187  val AP 0.721  F1 0.667 @ 0.32  anomalies {'gradient clipped': 27, 'crop outside the swath (re-drawn)': 47}
epoch  22  loss 1.43995  val AP 0.731  F1 0.678 @ 0.29  anomalies {'crop outside the swath (re-drawn)': 38, 'gradient clipped': 29}
epoch  23  loss 1.4014  val AP 0.730  F1 0.680 @ 0.30  anomalies {'gradient clipped': 22, 'crop outside the swath (re-drawn)': 30}
epoch  24  loss 1.39484  val AP 0.728  F1 0.680 @ 0.30  anomalies {'gradient clipped': 25, 'crop outside the swath (re-drawn)': 36}
epoch  25  loss 1.4008  val AP 0.730  F1 0.679 @ 0.30  anomalies {'crop outside the swath (re-drawn)': 27, 'gradient clipped': 20}
epoch  26  loss 1.3923  val AP 0.734  F1 0.680 @ 0.30  anomalies {'gradient clipped': 26, 'crop outside the swath (re-drawn)': 25}
epoch  27  loss 1.34953  val AP 0.738  F1 0.687 @ 0.29  anomalies {'crop outside the swath (re-drawn)': 37, 'gradient clipped': 23}
epoch  28  loss 1.2871  val AP 0.742  F1 0.689 @ 0.30  anomalies {'crop outside the swath (re-drawn)': 24, 'gradient clipped': 14}
epoch  29  loss 1.31774  val AP 0.743  F1 0.688 @ 0.30  anomalies {'crop outside the swath (re-drawn)': 32, 'gradient clipped': 19}
epoch  30  loss 1.30736  val AP 0.744  F1 0.689 @ 0.30  anomalies {'crop outside the swath (re-drawn)': 31, 'gradient clipped': 15}
epoch  31  loss 1.30756  val AP 0.743  F1 0.691 @ 0.31  anomalies {'gradient clipped': 20, 'crop outside the swath (re-drawn)': 34}
epoch  32  loss 1.31781  val AP 0.744  F1 0.690 @ 0.29  anomalies {'gradient clipped': 18, 'crop outside the swath (re-drawn)': 27}
epoch  33  loss 1.26374  val AP 0.743  F1 0.688 @ 0.30  anomalies {'crop outside the swath (re-drawn)': 31, 'gradient clipped': 14}
epoch  34  loss 1.30786  val AP 0.741  F1 0.684 @ 0.32  anomalies {'crop outside the swath (re-drawn)': 27, 'gradient clipped': 20}
epoch  35  loss 1.27836  val AP 0.742  F1 0.688 @ 0.33  anomalies {'crop outside the swath (re-drawn)': 32, 'gradient clipped': 13}
epoch  36  loss 1.30803  val AP 0.743  F1 0.686 @ 0.31  anomalies {'crop outside the swath (re-drawn)': 29, 'gradient clipped': 18}
epoch  37  loss 1.3056  val AP 0.743  F1 0.686 @ 0.30  anomalies {'gradient clipped': 21, 'crop outside the swath (re-drawn)': 33}
epoch  38  loss 1.25095  val AP 0.742  F1 0.687 @ 0.28  anomalies {'gradient clipped': 17, 'crop outside the swath (re-drawn)': 24}
stopping: validation AP has not improved for 8 epochs
